// Jest Snapshot v1, https://goo.gl/fbAQLP

exports[`NewComment component match snapshot 1`] = `
<div
  className="ui centered grid roomGrid"
>
  <div
    className="ui comments postGroupContainer"
  >
    <article
      className="roomContainer postContainerOverlay"
    >
      <div
        className="postPlaceholder"
      >
        <div
          className="ui placeholder"
        >
          <div
            className="image"
          />
        </div>
        <div
          className="ui placeholder"
        >
          <div
            className="line"
          />
          <div
            className="line"
          />
          <div
            className="line"
          />
          <div
            className="line"
          />
        </div>
      </div>
      
      
    </article>
    <div
      className="ui segment initialPost neuromorphSegment"
    >
      
      <div
        className="ui large comments newCommentContainer"
        style={
          Object {
            "display": "",
          }
        }
      >
        <div
          className="comment comment"
        >
          <div
            className="avatarPlaceholderContainer sizePostComment"
          >
            <i
              aria-hidden="true"
              className="user icon avatarPlaceholder"
              onClick={[Function]}
            />
          </div>
          <div
            className="avatar avatar"
            onLoad={[Function]}
            style={
              Object {
                "display": "none",
              }
            }
          />
          <div
            className="pseudoLoggedIn"
          />
          <textarea
            className=""
            onChange={[Function]}
            onFocus={[Function]}
            placeholder="Post new comment..."
            value=""
          />
          <div
            className="buttonContainer hiddenButtonContainer"
          >
            <button
              className="ui teal compact disabled right floated button"
              disabled={true}
              onClick={[Function]}
              tabIndex={-1}
            >
              Comment
            </button>
            <button
              className="ui basic compact right floated button"
              onClick={[Function]}
            >
              Cancel
            </button>
          </div>
        </div>
      </div>
      <div
        className="ui comments recursiveComment"
      />
    </div>
  </div>
</div>
`;
