// Jest Snapshot v1, https://goo.gl/fbAQLP

exports[`NewComment component match snapshot 1`] = `
<div
  className="ui centered grid roomGrid"
>
  <div
    className="ui comments postGroupContainer"
  >
    <article
      className="roomContainer postContainerOverlay"
    >
      <div
        className="postPlaceholder"
      >
        <div
          className="ui placeholder imageOverlay"
        >
          <div
            className="image"
          />
        </div>
        <div
          className="ui placeholder"
        >
          <div
            className="line"
          />
          <div
            className="line"
          />
          <div
            className="line"
          />
          <div
            className="line"
          />
        </div>
      </div>
      
      
    </article>
    
    
  </div>
</div>
`;
