// Jest Snapshot v1, https://goo.gl/fbAQLP

exports[`PostListPagination component match snapshot 1/1 1`] = `
<article
  className="roomContainer postContainerOverlay"
>
  <div
    className="postPlaceholder"
  >
    <div
      className="ui placeholder imageOverlay"
    >
      <div
        className="image"
      />
    </div>
    <div
      className="ui placeholder"
    >
      <div
        className="line"
      />
      <div
        className="line"
      />
      <div
        className="line"
      />
      <div
        className="line"
      />
    </div>
  </div>
  
  
</article>
`;
