// Jest Snapshot v1, https://goo.gl/fbAQLP

exports[`PostListPagination component match snapshot 1/1 1`] = `
<article
  className="roomContainer"
>
  <div
    style={
      Object {
        "display": "flex",
      }
    }
  >
    <div
      className="ui placeholder"
      style={
        Object {
          "height": "150px",
          "width": "220px",
        }
      }
    >
      <div
        className="image"
      />
    </div>
    <div
      className="ui placeholder"
      style={
        Object {
          "height": "100%",
          "margin": "10px",
          "width": "100%",
        }
      }
    >
      <div
        className="line"
      />
      <div
        className="line"
      />
      <div
        className="line"
      />
      <div
        className="line"
      />
    </div>
  </div>
  
  
</article>
`;
